[05/13/2026 10:43:29 PM:utils:213:INFO] IMDB: Cinemagoer returned no search results for query: inception
[05/13/2026 10:43:30 PM:utils:213:INFO] IMDB: Cinemagoer returned no search results for query: inception
[05/13/2026 10:43:32 PM:root:1:INFO] LOGO test █ 👋
[05/13/2026 10:43:38 PM:utils:213:INFO] IMDB: Cinemagoer returned no search results for query: daredevil
[05/13/2026 10:43:43 PM:root:1:INFO] LOGO test █ 👋
[05/13/2026 10:43:56 PM:root:76:INFO] Stop signal received (SIGINT). Exiting...
[05/13/2026 10:44:17 PM:root:67:INFO] 
 ██████╗ ██████╗ ██╗██╗   ██╗███╗   ███╗
██╔═══██╗██╔══██╗██║██║   ██║████╗ ████║
██║   ██║██████╔╝██║██║   ██║██╔████╔██║
██║   ██║██╔═══╝ ██║██║   ██║██║╚██╔╝██║
╚██████╔╝██║     ██║╚██████╔╝██║ ╚═╝ ██║
 ╚═════╝ ╚═╝     ╚═╝ ╚═════╝ ╚═╝     ╚═╝
[05/13/2026 10:45:49 PM:utils:213:INFO] IMDB: Cinemagoer returned no search results for query: breathe
[05/13/2026 10:45:51 PM:utils:213:INFO] IMDB: Cinemagoer returned no search results for query: breathe
[05/13/2026 10:45:54 PM:pyrogram.dispatcher:376:ERROR] invalid literal for int() with base 10: 'None'
Traceback (most recent call last):
  File "C:\Users\hpvai\AppData\Local\Python\pythoncore-3.11-64\Lib\site-packages\pyrogram\dispatcher.py", line 363, in handler_worker
    await handler.callback(self.client, *args)
  File "C:\Users\hpvai\AppData\Local\Python\pythoncore-3.11-64\Lib\site-packages\pyrogram\handlers\callback_query_handler.py", line 207, in resolve_future_or_callback
    await self.original_callback(client, query, *args)
  File "C:\Users\hpvai\Downloads\poppy-seeds-bot\poppy-seeds-bot\plugins\pm_filter.py", line 242, in advantage_spoll_choker
    if int(user) != 0 and query.from_user.id != int(user):
       ^^^^^^^^^
ValueError: invalid literal for int() with base 10: 'None'
[05/13/2026 10:46:37 PM:pyrogram.dispatcher:376:ERROR] invalid literal for int() with base 10: 'None'
Traceback (most recent call last):
  File "C:\Users\hpvai\AppData\Local\Python\pythoncore-3.11-64\Lib\site-packages\pyrogram\dispatcher.py", line 363, in handler_worker
    await handler.callback(self.client, *args)
  File "C:\Users\hpvai\AppData\Local\Python\pythoncore-3.11-64\Lib\site-packages\pyrogram\handlers\callback_query_handler.py", line 207, in resolve_future_or_callback
    await self.original_callback(client, query, *args)
  File "C:\Users\hpvai\Downloads\poppy-seeds-bot\poppy-seeds-bot\plugins\pm_filter.py", line 242, in advantage_spoll_choker
    if int(user) != 0 and query.from_user.id != int(user):
       ^^^^^^^^^
ValueError: invalid literal for int() with base 10: 'None'
[05/13/2026 10:46:57 PM:pyrogram.dispatcher:376:ERROR] invalid literal for int() with base 10: 'None'
Traceback (most recent call last):
  File "C:\Users\hpvai\AppData\Local\Python\pythoncore-3.11-64\Lib\site-packages\pyrogram\dispatcher.py", line 363, in handler_worker
    await handler.callback(self.client, *args)
  File "C:\Users\hpvai\AppData\Local\Python\pythoncore-3.11-64\Lib\site-packages\pyrogram\handlers\callback_query_handler.py", line 207, in resolve_future_or_callback
    await self.original_callback(client, query, *args)
  File "C:\Users\hpvai\Downloads\poppy-seeds-bot\poppy-seeds-bot\plugins\pm_filter.py", line 242, in advantage_spoll_choker
    if int(user) != 0 and query.from_user.id != int(user):
       ^^^^^^^^^
ValueError: invalid literal for int() with base 10: 'None'
[05/13/2026 10:47:45 PM:pyrogram.dispatcher:376:ERROR] invalid literal for int() with base 10: 'None'
Traceback (most recent call last):
  File "C:\Users\hpvai\AppData\Local\Python\pythoncore-3.11-64\Lib\site-packages\pyrogram\dispatcher.py", line 363, in handler_worker
    await handler.callback(self.client, *args)
  File "C:\Users\hpvai\AppData\Local\Python\pythoncore-3.11-64\Lib\site-packages\pyrogram\handlers\callback_query_handler.py", line 207, in resolve_future_or_callback
    await self.original_callback(client, query, *args)
  File "C:\Users\hpvai\Downloads\poppy-seeds-bot\poppy-seeds-bot\plugins\pm_filter.py", line 242, in advantage_spoll_choker
    if int(user) != 0 and query.from_user.id != int(user):
       ^^^^^^^^^
ValueError: invalid literal for int() with base 10: 'None'
[05/13/2026 10:50:17 PM:root:76:INFO] Stop signal received (SIGINT). Exiting...
[05/13/2026 10:52:35 PM:root:67:INFO] 
 ██████╗ ██████╗ ██╗██╗   ██╗███╗   ███╗
██╔═══██╗██╔══██╗██║██║   ██║████╗ ████║
██║   ██║██████╔╝██║██║   ██║██╔████╔██║
██║   ██║██╔═══╝ ██║██║   ██║██║╚██╔╝██║
╚██████╔╝██║     ██║╚██████╔╝██║ ╚═╝ ██║
 ╚═════╝ ╚═╝     ╚═╝ ╚═════╝ ╚═╝     ╚═╝
[05/13/2026 10:52:51 PM:utils:213:INFO] IMDB: Cinemagoer returned no search results for query: breathe
[05/13/2026 10:52:52 PM:utils:213:INFO] IMDB: Cinemagoer returned no search results for query: breathe
[05/13/2026 10:53:58 PM:root:76:INFO] Stop signal received (SIGINT). Exiting...
[05/13/2026 11:15:53 PM:pyrogram.crypto.aes:27:INFO] Using TgCrypto
[05/13/2026 11:15:53 PM:asyncio:633:DEBUG] Using proactor: IocpProactor
[05/13/2026 11:15:53 PM:pymongo.topology:108:DEBUG] {"message": "Starting topology monitoring", "topologyId": {"$oid": "6a04b8d1d39633f51d48dc33"}}
[05/13/2026 11:15:53 PM:pymongo.topology:108:DEBUG] {"message": "Topology description changed", "topologyId": {"$oid": "6a04b8d1d39633f51d48dc33"}, "previousDescription": "<TopologyDescription id: 6a04b8d1d39633f51d48dc33, topology_type: Unknown, servers: []>", "newDescription": "<TopologyDescription id: 6a04b8d1d39633f51d48dc33, topology_type: ReplicaSetNoPrimary, servers: [<ServerDescription ('ac-cviyig1-shard-00-00.jeamfhl.mongodb.net', 27017) server_type: Unknown, rtt: None>, <ServerDescription ('ac-cviyig1-shard-00-01.jeamfhl.mongodb.net', 27017) server_type: Unknown, rtt: None>, <ServerDescription ('ac-cviyig1-shard-00-02.jeamfhl.mongodb.net', 27017) server_type: Unknown, rtt: None>]>"}
[05/13/2026 11:15:53 PM:pymongo.topology:108:DEBUG] {"message": "Starting server monitoring", "topologyId": {"$oid": "6a04b8d1d39633f51d48dc33"}, "serverHost": "ac-cviyig1-shard-00-01.jeamfhl.mongodb.net", "serverPort": 27017}
[05/13/2026 11:15:53 PM:pymongo.topology:108:DEBUG] {"message": "Starting server monitoring", "topologyId": {"$oid": "6a04b8d1d39633f51d48dc33"}, "serverHost": "ac-cviyig1-shard-00-00.jeamfhl.mongodb.net", "serverPort": 27017}
[05/13/2026 11:15:53 PM:pymongo.topology:108:DEBUG] {"message": "Starting server monitoring", "topologyId": {"$oid": "6a04b8d1d39633f51d48dc33"}, "serverHost": "ac-cviyig1-shard-00-02.jeamfhl.mongodb.net", "serverPort": 27017}
[05/13/2026 11:15:53 PM:pymongo.connection:108:DEBUG] {"message": "Connection pool created", "clientId": {"$oid": "6a04b8d1d39633f51d48dc33"}, "serverHost": "ac-cviyig1-shard-00-01.jeamfhl.mongodb.net", "serverPort": 27017}
[05/13/2026 11:15:53 PM:pymongo.connection:108:DEBUG] {"message": "Connection pool created", "clientId": {"$oid": "6a04b8d1d39633f51d48dc33"}, "serverHost": "ac-cviyig1-shard-00-00.jeamfhl.mongodb.net", "serverPort": 27017}
[05/13/2026 11:15:53 PM:pymongo.connection:108:DEBUG] {"message": "Connection pool created", "clientId": {"$oid": "6a04b8d1d39633f51d48dc33"}, "serverHost": "ac-cviyig1-shard-00-02.jeamfhl.mongodb.net", "serverPort": 27017}
[05/13/2026 11:15:55 PM:pymongo.topology:108:DEBUG] {"message": "Server heartbeat started", "topologyId": {"$oid": "6a04b8d1d39633f51d48dc33"}, "driverConnectionId": 1, "serverHost": "ac-cviyig1-shard-00-02.jeamfhl.mongodb.net", "serverPort": 27017, "awaited": false}
[05/13/2026 11:15:55 PM:pymongo.topology:108:DEBUG] {"message": "Server heartbeat started", "topologyId": {"$oid": "6a04b8d1d39633f51d48dc33"}, "driverConnectionId": 1, "serverHost": "ac-cviyig1-shard-00-00.jeamfhl.mongodb.net", "serverPort": 27017, "awaited": false}
[05/13/2026 11:15:55 PM:pymongo.topology:108:DEBUG] {"message": "Server heartbeat started", "topologyId": {"$oid": "6a04b8d1d39633f51d48dc33"}, "driverConnectionId": 1, "serverHost": "ac-cviyig1-shard-00-01.jeamfhl.mongodb.net", "serverPort": 27017, "awaited": false}
[05/13/2026 11:15:55 PM:pymongo.topology:108:DEBUG] {"message": "Server heartbeat succeeded", "topologyId": {"$oid": "6a04b8d1d39633f51d48dc33"}, "driverConnectionId": 1, "serverConnectionId": 269443, "serverHost": "ac-cviyig1-shard-00-02.jeamfhl.mongodb.net", "serverPort": 27017, "awaited": false, "durationMS": 45.9999999984575, "reply": "{\"helloOk\": true, \"topologyVersion\": {\"processId\": {\"$oid\": \"69fe071d6378ab1db30ffe38\"}, \"counter\": 3}, \"hosts\": [\"ac-cviyig1-shard-00-00.jeamfhl.mongodb.net:27017\", \"ac-cviyig1-shard-00-01.jeamfhl.mongodb.net:27017\", \"ac-cviyig1-shard-00-02.jeamfhl.mongodb.net:27017\"], \"setName\": \"atlas-3rxp7q-shard-0\", \"setVersion\": 396, \"secondary\": true, \"primary\": \"ac-cviyig1-shard-00-01.jeamfhl.mongodb.net:27017\", \"tags\": {\"region\": \"AP_SOUTH_1\", \"workloadType\": \"OPERATIONAL\", \"cacheState\": \"READY\", \"provider\": \"AWS\", \"diskState\": \"READY\", \"availabilityZone\": \"aps1-az2\", \"nodeType\": \"ELECTABLE\"}, \"me\": \"ac-cviyig1-shard-00-02.jeamfhl.mongodb.net:27017\", \"lastWrite\": {\"opTime\": {\"ts\": {\"$timestamp\": {\"t\": 1778694355, \"i\": 1}}, \"t\": 382}, \"lastWriteDate\": {\"$date\": \"2026-05-13T17:45:55Z\"}, \"majorityOpTime\": {\"ts\": {\"$timestamp\": {\"t\": 1778694355, \"i\": 1}}, \"t\": 382}, \"majorityWriteDate\": {\"$date\": \"2026-05-13T17:45:55Z\"}}, \"maxBsonObjectSize\": 16777216, \"maxMessageSizeBytes\": 48000000, \"maxWriteBat..."}
[05/13/2026 11:15:55 PM:pymongo.topology:108:DEBUG] {"message": "Server heartbeat succeeded", "topologyId": {"$oid": "6a04b8d1d39633f51d48dc33"}, "driverConnectionId": 1, "serverConnectionId": 276405, "serverHost": "ac-cviyig1-shard-00-00.jeamfhl.mongodb.net", "serverPort": 27017, "awaited": false, "durationMS": 45.9999999984575, "reply": "{\"helloOk\": true, \"topologyVersion\": {\"processId\": {\"$oid\": \"69fe01d3cc119159b1b10d71\"}, \"counter\": 4}, \"hosts\": [\"ac-cviyig1-shard-00-00.jeamfhl.mongodb.net:27017\", \"ac-cviyig1-shard-00-01.jeamfhl.mongodb.net:27017\", \"ac-cviyig1-shard-00-02.jeamfhl.mongodb.net:27017\"], \"setName\": \"atlas-3rxp7q-shard-0\", \"setVersion\": 396, \"secondary\": true, \"primary\": \"ac-cviyig1-shard-00-01.jeamfhl.mongodb.net:27017\", \"tags\": {\"provider\": \"AWS\", \"cacheState\": \"READY\", \"region\": \"AP_SOUTH_1\", \"availabilityZone\": \"aps1-az1\", \"workloadType\": \"OPERATIONAL\", \"diskState\": \"READY\", \"nodeType\": \"ELECTABLE\"}, \"me\": \"ac-cviyig1-shard-00-00.jeamfhl.mongodb.net:27017\", \"lastWrite\": {\"opTime\": {\"ts\": {\"$timestamp\": {\"t\": 1778694355, \"i\": 1}}, \"t\": 382}, \"lastWriteDate\": {\"$date\": \"2026-05-13T17:45:55Z\"}, \"majorityOpTime\": {\"ts\": {\"$timestamp\": {\"t\": 1778694355, \"i\": 1}}, \"t\": 382}, \"majorityWriteDate\": {\"$date\": \"2026-05-13T17:45:55Z\"}}, \"maxBsonObjectSize\": 16777216, \"maxMessageSizeBytes\": 48000000, \"maxWriteBat..."}
[05/13/2026 11:15:55 PM:pymongo.topology:108:DEBUG] {"message": "Server heartbeat succeeded", "topologyId": {"$oid": "6a04b8d1d39633f51d48dc33"}, "driverConnectionId": 1, "serverConnectionId": 314249, "serverHost": "ac-cviyig1-shard-00-01.jeamfhl.mongodb.net", "serverPort": 27017, "awaited": false, "durationMS": 47.0000000022992, "reply": "{\"helloOk\": true, \"topologyVersion\": {\"processId\": {\"$oid\": \"69fe044d7fd4d16bc02324c8\"}, \"counter\": 6}, \"hosts\": [\"ac-cviyig1-shard-00-00.jeamfhl.mongodb.net:27017\", \"ac-cviyig1-shard-00-01.jeamfhl.mongodb.net:27017\", \"ac-cviyig1-shard-00-02.jeamfhl.mongodb.net:27017\"], \"setName\": \"atlas-3rxp7q-shard-0\", \"setVersion\": 396, \"ismaster\": true, \"primary\": \"ac-cviyig1-shard-00-01.jeamfhl.mongodb.net:27017\", \"tags\": {\"cacheState\": \"READY\", \"region\": \"AP_SOUTH_1\", \"nodeType\": \"ELECTABLE\", \"provider\": \"AWS\", \"workloadType\": \"OPERATIONAL\", \"availabilityZone\": \"aps1-az3\", \"diskState\": \"READY\"}, \"me\": \"ac-cviyig1-shard-00-01.jeamfhl.mongodb.net:27017\", \"electionId\": {\"$oid\": \"7fffffff000000000000017e\"}, \"lastWrite\": {\"opTime\": {\"ts\": {\"$timestamp\": {\"t\": 1778694355, \"i\": 1}}, \"t\": 382}, \"lastWriteDate\": {\"$date\": \"2026-05-13T17:45:55Z\"}, \"majorityOpTime\": {\"ts\": {\"$timestamp\": {\"t\": 1778694355, \"i\": 1}}, \"t\": 382}, \"majorityWriteDate\": {\"$date\": \"2026-05-13T17:45:55Z\"}}, \"maxBsonObjectSize\": 1677..."}
[05/13/2026 11:15:55 PM:pymongo.connection:108:DEBUG] {"message": "Connection pool ready", "clientId": {"$oid": "6a04b8d1d39633f51d48dc33"}, "serverHost": "ac-cviyig1-shard-00-02.jeamfhl.mongodb.net", "serverPort": 27017}
[05/13/2026 11:15:55 PM:pymongo.topology:108:DEBUG] {"message": "Topology description changed", "topologyId": {"$oid": "6a04b8d1d39633f51d48dc33"}, "previousDescription": "<TopologyDescription id: 6a04b8d1d39633f51d48dc33, topology_type: ReplicaSetNoPrimary, servers: [<ServerDescription ('ac-cviyig1-shard-00-00.jeamfhl.mongodb.net', 27017) server_type: Unknown, rtt: None>, <ServerDescription ('ac-cviyig1-shard-00-01.jeamfhl.mongodb.net', 27017) server_type: Unknown, rtt: None>, <ServerDescription ('ac-cviyig1-shard-00-02.jeamfhl.mongodb.net', 27017) server_type: Unknown, rtt: None>]>", "newDescription": "<TopologyDescription id: 6a04b8d1d39633f51d48dc33, topology_type: ReplicaSetNoPrimary, servers: [<ServerDescription ('ac-cviyig1-shard-00-00.jeamfhl.mongodb.net', 27017) server_type: Unknown, rtt: None>, <ServerDescription ('ac-cviyig1-shard-00-01.jeamfhl.mongodb.net', 27017) server_type: Unknown, rtt: None>, <ServerDescription ('ac-cviyig1-shard-00-02.jeamfhl.mongodb.net', 27017) server_type: RSSecondary, rtt: 0.0459999999984575>]>"}
[05/13/2026 11:15:55 PM:pymongo.connection:108:DEBUG] {"message": "Connection pool ready", "clientId": {"$oid": "6a04b8d1d39633f51d48dc33"}, "serverHost": "ac-cviyig1-shard-00-00.jeamfhl.mongodb.net", "serverPort": 27017}
[05/13/2026 11:15:55 PM:pymongo.topology:108:DEBUG] {"message": "Topology description changed", "topologyId": {"$oid": "6a04b8d1d39633f51d48dc33"}, "previousDescription": "<TopologyDescription id: 6a04b8d1d39633f51d48dc33, topology_type: ReplicaSetNoPrimary, servers: [<ServerDescription ('ac-cviyig1-shard-00-00.jeamfhl.mongodb.net', 27017) server_type: Unknown, rtt: None>, <ServerDescription ('ac-cviyig1-shard-00-01.jeamfhl.mongodb.net', 27017) server_type: Unknown, rtt: None>, <ServerDescription ('ac-cviyig1-shard-00-02.jeamfhl.mongodb.net', 27017) server_type: RSSecondary, rtt: 0.0459999999984575>]>", "newDescription": "<TopologyDescription id: 6a04b8d1d39633f51d48dc33, topology_type: ReplicaSetNoPrimary, servers: [<ServerDescription ('ac-cviyig1-shard-00-00.jeamfhl.mongodb.net', 27017) server_type: RSSecondary, rtt: 0.0459999999984575>, <ServerDescription ('ac-cviyig1-shard-00-01.jeamfhl.mongodb.net', 27017) server_type: Unknown, rtt: None>, <ServerDescription ('ac-cviyig1-shard-00-02.jeamfhl.mongodb.net', 27017) server_type: RSSecondary, rtt: 0.0459999999984575>]>"}
[05/13/2026 11:15:55 PM:pymongo.connection:108:DEBUG] {"message": "Connection pool ready", "clientId": {"$oid": "6a04b8d1d39633f51d48dc33"}, "serverHost": "ac-cviyig1-shard-00-01.jeamfhl.mongodb.net", "serverPort": 27017}
[05/13/2026 11:15:55 PM:pymongo.topology:108:DEBUG] {"message": "Topology description changed", "topologyId": {"$oid": "6a04b8d1d39633f51d48dc33"}, "previousDescription": "<TopologyDescription id: 6a04b8d1d39633f51d48dc33, topology_type: ReplicaSetNoPrimary, servers: [<ServerDescription ('ac-cviyig1-shard-00-00.jeamfhl.mongodb.net', 27017) server_type: RSSecondary, rtt: 0.0459999999984575>, <ServerDescription ('ac-cviyig1-shard-00-01.jeamfhl.mongodb.net', 27017) server_type: Unknown, rtt: None>, <ServerDescription ('ac-cviyig1-shard-00-02.jeamfhl.mongodb.net', 27017) server_type: RSSecondary, rtt: 0.0459999999984575>]>", "newDescription": "<TopologyDescription id: 6a04b8d1d39633f51d48dc33, topology_type: ReplicaSetWithPrimary, servers: [<ServerDescription ('ac-cviyig1-shard-00-00.jeamfhl.mongodb.net', 27017) server_type: RSSecondary, rtt: 0.0459999999984575>, <ServerDescription ('ac-cviyig1-shard-00-01.jeamfhl.mongodb.net', 27017) server_type: RSPrimary, rtt: 0.0470000000022992>, <ServerDescription ('ac-cviyig1-shard-00-02.jeamfhl.mongodb.net', 27017) server_type: RSSecondary, rtt: 0.0459999999984575>]>"}
[05/14/2026 01:14:10 AM:utils:228:INFO] IMDB: Cinemagoer returned no search results for query: peaky blinders
[05/14/2026 01:14:11 AM:utils:228:INFO] IMDB: Cinemagoer returned no search results for query: peaky blinders
[05/14/2026 01:15:20 AM:utils:228:INFO] IMDB: Cinemagoer returned no search results for query: master
[05/14/2026 01:15:21 AM:utils:228:INFO] IMDB: Cinemagoer returned no search results for query: masters of the universe
[05/14/2026 01:15:34 AM:utils:228:INFO] IMDB: Cinemagoer returned no search results for query: vijay the master
[05/14/2026 01:15:44 AM:utils:228:INFO] IMDB: Cinemagoer returned no search results for query: loki
[05/14/2026 01:15:46 AM:utils:228:INFO] IMDB: Cinemagoer returned no search results for query: loki
[05/14/2026 01:15:58 AM:pyrogram.connection.connection:62:WARNING] Unable to connect due to network issues: [WinError 1231] The network location cannot be reached. For information about network troubleshooting, see Windows Help
[05/14/2026 01:15:58 AM:pyrogram.connection.connection:62:WARNING] Unable to connect due to network issues: [WinError 1231] The network location cannot be reached. For information about network troubleshooting, see Windows Help
[05/14/2026 01:15:58 AM:utils:307:ERROR] IMDB API Error - ConnectionError: ('Connection aborted.', ConnectionResetError(10054, 'An existing connection was forcibly closed by the remote host', None, 10054, None))
Traceback (most recent call last):
  File "C:\Users\hpvai\AppData\Local\Python\pythoncore-3.11-64\Lib\site-packages\urllib3\connectionpool.py", line 788, in urlopen
    response = self._make_request(
               ^^^^^^^^^^^^^^^^^^^
  File "C:\Users\hpvai\AppData\Local\Python\pythoncore-3.11-64\Lib\site-packages\urllib3\connectionpool.py", line 488, in _make_request
    raise new_e
  File "C:\Users\hpvai\AppData\Local\Python\pythoncore-3.11-64\Lib\site-packages\urllib3\connectionpool.py", line 464, in _make_request
    self._validate_conn(conn)
  File "C:\Users\hpvai\AppData\Local\Python\pythoncore-3.11-64\Lib\site-packages\urllib3\connectionpool.py", line 1106, in _validate_conn
    conn.connect()
  File "C:\Users\hpvai\AppData\Local\Python\pythoncore-3.11-64\Lib\site-packages\urllib3\connection.py", line 796, in connect
    sock_and_verified = _ssl_wrap_socket_and_match_hostname(
                        ^^^^^^^^^^^^^^^^^^^^^^^^^^^^^^^^^^^^
  File "C:\Users\hpvai\AppData\Local\Python\pythoncore-3.11-64\Lib\site-packages\urllib3\connection.py", line 975, in _ssl_wrap_socket_and_match_hostname
    ssl_sock = ssl_wrap_socket(
               ^^^^^^^^^^^^^^^^
  File "C:\Users\hpvai\AppData\Local\Python\pythoncore-3.11-64\Lib\site-packages\urllib3\util\ssl_.py", line 433, in ssl_wrap_socket
    ssl_sock = _ssl_wrap_socket_impl(sock, context, tls_in_tls, server_hostname)
               ^^^^^^^^^^^^^^^^^^^^^^^^^^^^^^^^^^^^^^^^^^^^^^^^^^^^^^^^^^^^^^^^^
  File "C:\Users\hpvai\AppData\Local\Python\pythoncore-3.11-64\Lib\site-packages\urllib3\util\ssl_.py", line 477, in _ssl_wrap_socket_impl
    return ssl_context.wrap_socket(sock, server_hostname=server_hostname)
           ^^^^^^^^^^^^^^^^^^^^^^^^^^^^^^^^^^^^^^^^^^^^^^^^^^^^^^^^^^^^^^
  File "C:\Users\hpvai\AppData\Local\Python\pythoncore-3.11-64\Lib\ssl.py", line 517, in wrap_socket
    return self.sslsocket_class._create(
           ^^^^^^^^^^^^^^^^^^^^^^^^^^^^^
  File "C:\Users\hpvai\AppData\Local\Python\pythoncore-3.11-64\Lib\ssl.py", line 1104, in _create
    self.do_handshake()
  File "C:\Users\hpvai\AppData\Local\Python\pythoncore-3.11-64\Lib\ssl.py", line 1382, in do_handshake
    self._sslobj.do_handshake()
ConnectionResetError: [WinError 10054] An existing connection was forcibly closed by the remote host

During handling of the above exception, another exception occurred:

Traceback (most recent call last):
  File "C:\Users\hpvai\AppData\Local\Python\pythoncore-3.11-64\Lib\site-packages\requests\adapters.py", line 696, in send
    resp = conn.urlopen(
           ^^^^^^^^^^^^^
  File "C:\Users\hpvai\AppData\Local\Python\pythoncore-3.11-64\Lib\site-packages\urllib3\connectionpool.py", line 842, in urlopen
    retries = retries.increment(
              ^^^^^^^^^^^^^^^^^^
  File "C:\Users\hpvai\AppData\Local\Python\pythoncore-3.11-64\Lib\site-packages\urllib3\util\retry.py", line 498, in increment
    raise reraise(type(error), error, _stacktrace)
          ^^^^^^^^^^^^^^^^^^^^^^^^^^^^^^^^^^^^^^^^
  File "C:\Users\hpvai\AppData\Local\Python\pythoncore-3.11-64\Lib\site-packages\urllib3\util\util.py", line 38, in reraise
    raise value.with_traceback(tb)
  File "C:\Users\hpvai\AppData\Local\Python\pythoncore-3.11-64\Lib\site-packages\urllib3\connectionpool.py", line 788, in urlopen
    response = self._make_request(
               ^^^^^^^^^^^^^^^^^^^
  File "C:\Users\hpvai\AppData\Local\Python\pythoncore-3.11-64\Lib\site-packages\urllib3\connectionpool.py", line 488, in _make_request
    raise new_e
  File "C:\Users\hpvai\AppData\Local\Python\pythoncore-3.11-64\Lib\site-packages\urllib3\connectionpool.py", line 464, in _make_request
    self._validate_conn(conn)
  File "C:\Users\hpvai\AppData\Local\Python\pythoncore-3.11-64\Lib\site-packages\urllib3\connectionpool.py", line 1106, in _validate_conn
    conn.connect()
  File "C:\Users\hpvai\AppData\Local\Python\pythoncore-3.11-64\Lib\site-packages\urllib3\connection.py", line 796, in connect
    sock_and_verified = _ssl_wrap_socket_and_match_hostname(
                        ^^^^^^^^^^^^^^^^^^^^^^^^^^^^^^^^^^^^
  File "C:\Users\hpvai\AppData\Local\Python\pythoncore-3.11-64\Lib\site-packages\urllib3\connection.py", line 975, in _ssl_wrap_socket_and_match_hostname
    ssl_sock = ssl_wrap_socket(
               ^^^^^^^^^^^^^^^^
  File "C:\Users\hpvai\AppData\Local\Python\pythoncore-3.11-64\Lib\site-packages\urllib3\util\ssl_.py", line 433, in ssl_wrap_socket
    ssl_sock = _ssl_wrap_socket_impl(sock, context, tls_in_tls, server_hostname)
               ^^^^^^^^^^^^^^^^^^^^^^^^^^^^^^^^^^^^^^^^^^^^^^^^^^^^^^^^^^^^^^^^^
  File "C:\Users\hpvai\AppData\Local\Python\pythoncore-3.11-64\Lib\site-packages\urllib3\util\ssl_.py", line 477, in _ssl_wrap_socket_impl
    return ssl_context.wrap_socket(sock, server_hostname=server_hostname)
           ^^^^^^^^^^^^^^^^^^^^^^^^^^^^^^^^^^^^^^^^^^^^^^^^^^^^^^^^^^^^^^
  File "C:\Users\hpvai\AppData\Local\Python\pythoncore-3.11-64\Lib\ssl.py", line 517, in wrap_socket
    return self.sslsocket_class._create(
           ^^^^^^^^^^^^^^^^^^^^^^^^^^^^^
  File "C:\Users\hpvai\AppData\Local\Python\pythoncore-3.11-64\Lib\ssl.py", line 1104, in _create
    self.do_handshake()
  File "C:\Users\hpvai\AppData\Local\Python\pythoncore-3.11-64\Lib\ssl.py", line 1382, in do_handshake
    self._sslobj.do_handshake()
urllib3.exceptions.ProtocolError: ('Connection aborted.', ConnectionResetError(10054, 'An existing connection was forcibly closed by the remote host', None, 10054, None))

During handling of the above exception, another exception occurred:

Traceback (most recent call last):
  File "C:\Users\hpvai\Downloads\poppy-seeds-bot\poppy-seeds-bot\utils.py", line 229, in get_poster
    fallback = await asyncio.to_thread(_imdb_suggestion_search, title, year=year, results=10)
               ^^^^^^^^^^^^^^^^^^^^^^^^^^^^^^^^^^^^^^^^^^^^^^^^^^^^^^^^^^^^^^^^^^^^^^^^^^^^^^
  File "C:\Users\hpvai\AppData\Local\Python\pythoncore-3.11-64\Lib\asyncio\threads.py", line 25, in to_thread
    return await loop.run_in_executor(None, func_call)
           ^^^^^^^^^^^^^^^^^^^^^^^^^^^^^^^^^^^^^^^^^^^
  File "C:\Users\hpvai\AppData\Local\Python\pythoncore-3.11-64\Lib\concurrent\futures\thread.py", line 58, in run
    result = self.fn(*self.args, **self.kwargs)
             ^^^^^^^^^^^^^^^^^^^^^^^^^^^^^^^^^^
  File "C:\Users\hpvai\Downloads\poppy-seeds-bot\poppy-seeds-bot\utils.py", line 44, in _imdb_suggestion_search
    response = requests.get(url, timeout=10)
               ^^^^^^^^^^^^^^^^^^^^^^^^^^^^^
  File "C:\Users\hpvai\AppData\Local\Python\pythoncore-3.11-64\Lib\site-packages\requests\api.py", line 87, in get
    return request("get", url, params=params, **kwargs)
           ^^^^^^^^^^^^^^^^^^^^^^^^^^^^^^^^^^^^^^^^^^^^
  File "C:\Users\hpvai\AppData\Local\Python\pythoncore-3.11-64\Lib\site-packages\requests\api.py", line 71, in request
    return session.request(method=method, url=url, **kwargs)
           ^^^^^^^^^^^^^^^^^^^^^^^^^^^^^^^^^^^^^^^^^^^^^^^^^
  File "C:\Users\hpvai\AppData\Local\Python\pythoncore-3.11-64\Lib\site-packages\requests\sessions.py", line 651, in request
    resp = self.send(prep, **send_kwargs)
           ^^^^^^^^^^^^^^^^^^^^^^^^^^^^^^
  File "C:\Users\hpvai\AppData\Local\Python\pythoncore-3.11-64\Lib\site-packages\requests\sessions.py", line 784, in send
    r = adapter.send(request, **kwargs)
        ^^^^^^^^^^^^^^^^^^^^^^^^^^^^^^^
  File "C:\Users\hpvai\AppData\Local\Python\pythoncore-3.11-64\Lib\site-packages\requests\adapters.py", line 711, in send
    raise ConnectionError(err, request=request)
requests.exceptions.ConnectionError: ('Connection aborted.', ConnectionResetError(10054, 'An existing connection was forcibly closed by the remote host', None, 10054, None))
[05/14/2026 01:16:48 AM:root:76:INFO] Stop signal received (SIGINT). Exiting...
[05/14/2026 01:17:03 AM:utils:228:INFO] IMDB: Cinemagoer returned no search results for query: loki
[05/14/2026 01:17:04 AM:utils:228:INFO] IMDB: Cinemagoer returned no search results for query: loki
[05/14/2026 01:17:08 AM:utils:228:INFO] IMDB: Cinemagoer returned no search results for query: peaky blinders hindi
[05/14/2026 01:17:11 AM:utils:228:INFO] IMDB: Cinemagoer returned no search results for query: peaky blinders
[05/14/2026 01:18:49 AM:utils:228:INFO] IMDB: Cinemagoer returned no search results for query: a new bot testing is going on....so please wait we are temporarily unavailable.
[05/14/2026 01:19:01 AM:utils:228:INFO] IMDB: Cinemagoer returned no search results for query: daredevil
[05/14/2026 01:19:22 AM:root:76:INFO] Stop signal received (SIGINT). Exiting...
